[www.top5arabcasinos.com/index.html]
[backblue.gif]
[fade.gif]
[index.html]
[www.top5arabcasinos.com/apple-touch-icon.png]
[www.top5arabcasinos.com/favicon-32x32.png]
[www.top5arabcasinos.com/favicon-16x16.png]
[connect.facebook.net/en_US/fbevents.js]
[www.facebook.com/tre2fa.gif]
[fonts.googleapis.com/index.html]
[www.top5arabcasinos.com/feed/index.html]
[www.top5arabcasinos.com/comments/feed/index.html]
[www.top5arabcasinos.com/xmlrpc0db0.php]
[www.top5arabcasinos.com/wp-includes/wlwmanifest.xml]
[www.top5arabcasinos.com/wp-content/uploads/2019/10/-العرب-e1571858380911.jpg]
[www.top5arabcasinos.com/wp-content/uploads/2019/10/أفضل-5-كازينوهات-عربية.png]
[www.top5arabcasinos.com/wp-content/uploads/2020/09/الوسائل-المالية-التي-يُمكن-للاعبين-العرب-استخدامها-في-كازينوهات-الإنترنت.jpg]
[www.top5arabcasinos.com/العاب-كازينو/index.html]
[www.top5arabcasinos.com/الكازينو-المباشر/index.html]
[www.top5arabcasinos.com/wp-content/uploads/2020/09/كازينو-لبنان-300x200.jpg]
[www.top5arabcasinos.com/روليت/index.html]
[www.top5arabcasinos.com/بلاك-جاك/index.html]
[www.top5arabcasinos.com/باكاراه/index.html]
[www.top5arabcasinos.com/wp-content/uploads/2020/07/GTA-online-casino-300x200.jpg]
[www.top5arabcasinos.com/ماكينات-القمار/index.html]
[www.top5arabcasinos.com/backgammon/index.html]
[www.top5arabcasinos.com/بلوت/index.html]
[www.top5arabcasinos.com/wp-content/uploads/2020/07/Tor-browser-300x200.jpg]
[www.top5arabcasinos.com/poker/index.html]
[www.top5arabcasinos.com/طرنيب/index.html]
[www.top5arabcasinos.com/بيتكوين-كازينو/index.html]
[www.top5arabcasinos.com/wp-content/uploads/2020/06/قائمة-أغنى-لاعبي-البوكر-من-الشرق-الأوسط-300x200.jpg]
[www.top5arabcasinos.com/كازينو-الجوال/index.html]
[www.top5arabcasinos.com/مكافآت-الكازينو/index.html]
[www.top5arabcasinos.com/كازينو-المال-الحقيقي/index.html]
[www.top5arabcasinos.com/payeer/index.html]
[www.top5arabcasinos.com/الإيداع-والسحب/index.html]
[www.top5arabcasinos.com/ecopayz/index.html]
[www.top5arabcasinos.com/astropay/index.html]
[www.top5arabcasinos.com/مقالات-الكازينو/index.html]
[www.top5arabcasinos.com/معلومات-عَنا/index.html]
[www.top5arabcasinos.com/wp-content/uploads/2020/03/10Bet-293x90.png]
[www.top5arabcasinos.com/كازينو-لبنان/index.html]
[www.top5arabcasinos.com/الوسائل-المالية/index.html]
[www.top5arabcasinos.com/لعبة-gta-استغل-ثغرة-الكازينو-واحصل-على-أم/index.html]
[www.top5arabcasinos.com/متصفح-tor/index.html]
[www.top5arabcasinos.com/لاعبو-البوكر-شرق-أوسط/index.html]
[www.top5arabcasinos.com/10bet/index.html]
[www.top5arabcasinos.com/wp-content/uploads/2020/06/bet365-293x90.png]
[www.top5arabcasinos.com/wp-content/uploads/2019/10/bwin-293x90.png]
[www.top5arabcasinos.com/bet365/index.html]
[www.top5arabcasinos.com/ar3-index-ar.html]
[www.top5arabcasinos.com/wp-content/uploads/2019/11/888-casino-293x90.png]
[www.top5arabcasinos.com/bwin/index.html]
[www.top5arabcasinos.com/wp-content/uploads/2020/06/Betfinal-293x90.png]
[www.top5arabcasinos.com/888-casino/index.html]
[www.top5arabcasinos.com/wp-content/uploads/2020/09/1xBet-293x90.png]
[www.top5arabcasinos.com/betfinal/index.html]
[www.top5arabcasinos.com/wp-content/uploads/2020/04/spin-casino-293x90.png]
[www.top5arabcasinos.com/wp-content/uploads/2020/08/روليت.png]
[www.top5arabcasinos.com/1xbet/index.html]
[www.top5arabcasinos.com/wp-content/uploads/2020/08/بلاك-جاك.png]
[www.top5arabcasinos.com/spin-casino/index.html]
[www.top5arabcasinos.com/wp-content/uploads/2020/08/بكارات.png]
[www.top5arabcasinos.com/wp-content/uploads/2020/08/ألعاب-ماكينات-القمار.png]
[www.top5arabcasinos.com/wp-content/uploads/2020/08/بوكر.png]
[www.top5arabcasinos.com/wp-content/uploads/2020/08/بلوت.png]
[www.top5arabcasinos.com/888casino.html]
[www.top5arabcasinos.com/استثمار-البيتكوين-والعملات-الرقمية/index.html]
[www.top5arabcasinos.com/william-hill.html]
[www.top5arabcasinos.com/wp-content/uploads/2020/01/gpwa.gif]
[www.google-analytics.com/analytics.js]
[www.top5arabcasinos.com/wp-includes/js/jquery/jquery4a5f.js]
[www.top5arabcasinos.com/wp-includes/js/jquery/jquery-migrate.min330a.js]
[www.top5arabcasinos.com/wp-content/themes/pokatheme/js/scripts.all.min55a0.js]
[www.top5arabcasinos.com/wp-content/plugins/facebook-conversion-pixel/pixel-cat.min21bb.js]
[www.top5arabcasinos.com/wp-content/plugins/facebook-conversion-pixel/video.compiled7661.js]
[www.top5arabcasinos.com/wp-includes/js/wp-embed.min7661.js]
[www.top5arabcasinos.com/wp-content/plugins/ultimate-faqs/js/ewd-ufaq-js8162.js]
[www.top5arabcasinos.com/wp-includes/js/jquery/ui/core.mine899.js]
[www.top5arabcasinos.com/wp-includes/js/jquery/ui/effect.mine899.js]
[www.top5arabcasinos.com/wp-includes/js/jquery/ui/widget.mine899.js]
[www.top5arabcasinos.com/wp-includes/js/jquery/ui/position.mine899.js]
[www.top5arabcasinos.com/wp-includes/js/jquery/ui/menu.mine899.js]
[www.top5arabcasinos.com/wp-includes/js/dist/vendor/wp-polyfill.min89b1.js]
[www.top5arabcasinos.com/wp-includes/js/dist/vendor/wp-polyfill-fetch.min6e0e.js]
[www.top5arabcasinos.com/wp-includes/js/dist/vendor/wp-polyfill-node-contains.min2e00.js]
[www.top5arabcasinos.com/wp-includes/js/dist/vendor/wp-polyfill-dom-rect.min2e00.js]
[www.top5arabcasinos.com/wp-includes/js/dist/vendor/wp-polyfill-url.min5aed.js]
[www.top5arabcasinos.com/wp-includes/js/dist/vendor/wp-polyfill-formdata.mine9bd.js]
[www.top5arabcasinos.com/wp-includes/js/dist/vendor/wp-polyfill-element-closest.min4c56.js]
[www.top5arabcasinos.com/wp-includes/js/dist/dom-ready.min8293.js]
[www.top5arabcasinos.com/wp-includes/js/dist/a11y.min2902.js]
[www.top5arabcasinos.com/wp-includes/js/jquery/ui/autocomplete.mine899.js]
[www.top5arabcasinos.com/wp-includes/js/jquery/ui/effect-size.mine899.js]
[www.top5arabcasinos.com/wp-includes/js/jquery/ui/effect-scale.mine899.js]
[www.top5arabcasinos.com/wp-includes/js/jquery/ui/effect-transfer.mine899.js]
[www.top5arabcasinos.com/index.html]
[www.top5arabcasinos.com/site.html]
[stats.wp.com/e-202039.js]
[fonts.googleapis.com/index.html]
[s.w.org/index.html]
[fonts.googleapis.com/cssa80d.css]
[www.top5arabcasinos.com/wp-content/uploads/2019/10/كازينو-المباشر.jpg]
[www.top5arabcasinos.com/الكازينو-المباشر/index162c.html]
[www.top5arabcasinos.com/wp-content/plugins/luckywp-table-of-contents/front/assets/main.min6b25.js]
[www.top5arabcasinos.com/الكازينو-المباشر/index.html]
[www.top5arabcasinos.com/wp-content/uploads/2020/03/العاب-كازينو.jpg]
[www.top5arabcasinos.com/wp-content/uploads/2020/03/العاب-كازينو-العاب-سلوتس.jpg]
[www.top5arabcasinos.com/wp-content/uploads/2020/03/العاب-كازينو-بلاك-جاك.jpg]
[www.top5arabcasinos.com/wp-content/uploads/2020/03/العاب-كازينو-روليت.jpg]
[www.top5arabcasinos.com/العاب-كازينو/index162c.html]
[www.top5arabcasinos.com/wp-content/uploads/2020/03/العاب-كازينو-الباكاراه.jpg]
[www.top5arabcasinos.com/wp-content/uploads/2020/03/العاب-كازينو-الفيديو-بوكر.jpg]
[www.top5arabcasinos.com/العاب-كازينو/index.html]
[www.top5arabcasinos.com/wp-content/uploads/2019/10/الروليت.jpg]
[www.top5arabcasinos.com/wp-content/uploads/2019/10/روليت.jpg]
[www.top5arabcasinos.com/wp-content/uploads/2019/10/Roulette.jpg]
[www.top5arabcasinos.com/روليت/index.html]
[www.top5arabcasinos.com/روليت/index162c.html]
[www.top5arabcasinos.com/wp-content/uploads/2019/10/البلاك-جاك.jpg]
[www.top5arabcasinos.com/wp-content/uploads/2019/10/بلاك-جاك-1.jpg]
[www.top5arabcasinos.com/wp-content/uploads/2019/10/بلاك-جاك.jpg]
[www.top5arabcasinos.com/بلاك-جاك/index162c.html]
[www.top5arabcasinos.com/بلاك-جاك/index.html]
[www.top5arabcasinos.com/wp-content/uploads/2020/04/ماكينات-القمار.jpg]
[www.top5arabcasinos.com/ماكينات-القمار/index.html]
[www.top5arabcasinos.com/wp-content/uploads/2020/05/باكاراه.png]
[www.top5arabcasinos.com/wp-content/uploads/2020/05/Baccarat.png]
[www.top5arabcasinos.com/ماكينات-القمار/index162c.html]
[www.top5arabcasinos.com/wp-content/uploads/2020/05/الهدف-من-لعبة-باكاراه.jpg]
[www.top5arabcasinos.com/باكاراه/index162c.html]
[www.top5arabcasinos.com/wp-content/uploads/2020/05/قيَّم-البطاقات-في-لعبة-باكاراه.png]
[www.top5arabcasinos.com/wp-content/uploads/2020/05/baccarat-card-values.png]
[www.top5arabcasinos.com/wp-content/uploads/2020/05/Baccarat-Full-size-Punto-Banco.png]
[www.top5arabcasinos.com/wp-content/uploads/2020/05/Mini-Baccarat.png]
[www.top5arabcasinos.com/wp-content/uploads/2020/05/Midi-Baccarat.png]
[www.top5arabcasinos.com/wp-content/uploads/2020/05/طريقة-لعب-باكاراه-في-الكازينو.png]
[www.top5arabcasinos.com/wp-content/uploads/2020/05/قواعد-البطاقة-الثالثة-في-لعبة-باكاراه.png]
[www.top5arabcasinos.com/wp-content/uploads/2020/05/قواعد-توزيع-البطاقة-الثالثة-على-يد-اللاعب.png]
[www.top5arabcasinos.com/wp-content/uploads/2020/05/Baccarat-natural-hand.png]
[www.top5arabcasinos.com/wp-content/uploads/2020/05/Online-Baccarat.png]
[www.top5arabcasinos.com/wp-content/uploads/2020/05/لقد-لخصت-قواعد-سحب-البطاقة-الثالثة-ليد-البنك-أعلاه-في-الجدول-التالي.png]
[www.top5arabcasinos.com/wp-content/uploads/2020/05/ملخص-قاعدة-سحب-البطاقة-الثالثة-ليد-البنك.png]
[www.top5arabcasinos.com/wp-content/uploads/2020/05/Player-vs-Banker.png]
[www.top5arabcasinos.com/wp-content/uploads/2020/05/مُلخص-ميزة-الكازينو-من-لعبة-باكاراه.png]
[www.top5arabcasinos.com/wp-content/uploads/2020/05/عمولة-مُخفضَّة-على-يد-البنك.png]
[www.top5arabcasinos.com/باكاراه/index.html]
[www.top5arabcasinos.com/wp-content/uploads/2020/07/بلوت.jpg]
[www.top5arabcasinos.com/wp-content/uploads/2020/07/بلوت-ترتيب-الورق.jpg]
[www.top5arabcasinos.com/wp-content/uploads/2020/07/Baloot-ترتيب-الورق.jpg]
[www.top5arabcasinos.com/بلوت/index162c.html]
[www.top5arabcasinos.com/wp-content/uploads/2020/07/بلوت-تحديد-نمط-نوع-اللعب.jpg]
[www.top5arabcasinos.com/wp-content/uploads/2020/07/بلوت-اللعب.jpg]
[www.top5arabcasinos.com/wp-content/uploads/2020/07/Play-Baloot.jpg]
[www.top5arabcasinos.com/wp-content/uploads/2020/07/Baloot-online.jpg]
[www.top5arabcasinos.com/wp-content/uploads/2020/07/وهو-أن-يمتلك-اللاعب-3-بطاقات-مُتسلسلة-من-نفس-النوع.jpg]
[www.top5arabcasinos.com/wp-content/uploads/2020/07/وهي-أن-يمتلك-اللاعب-4-أوراق-مُتسلسلة-من-نفس-النوع.jpg]
[www.top5arabcasinos.com/wp-content/uploads/2020/07/لها-نوعان؛-الأول-هو-أن-يمتلك-اللاعب-5-بطاقات-مُتسلسلة-من-نفس-النوع.jpg]
[www.top5arabcasinos.com/wp-content/uploads/2020/07/وهي-أن-يكون-مع-اللاعب-4-بطاقات-من-نوع-آس-بشرط-أن-يكون-اللعب-صن.jpg]
[www.top5arabcasinos.com/wp-content/uploads/2020/07/بلوت-النقاط.jpg]
[www.top5arabcasinos.com/wp-content/uploads/2020/07/Baloot-pointing-system.jpg]
[www.top5arabcasinos.com/wp-content/uploads/2020/07/Baloot-championship-.jpg]
[www.top5arabcasinos.com/wp-content/uploads/2020/09/Baloot-rules.png]
[www.top5arabcasinos.com/wp-content/uploads/2020/07/Baloot.jpg]
[www.top5arabcasinos.com/بلوت/index.html]
[www.top5arabcasinos.com/wp-content/uploads/2020/08/طرنيب.png]
[www.top5arabcasinos.com/wp-content/uploads/2020/08/ما-هي-لعبة-الطرنيب1.png]
[www.top5arabcasinos.com/wp-content/uploads/2020/08/ما-هي-لعبة-الطرنيب.png]
[www.top5arabcasinos.com/طرنيب/index162c.html]
[www.top5arabcasinos.com/wp-content/uploads/2020/08/Tarneeb1.png]
[www.top5arabcasinos.com/wp-content/uploads/2020/08/Tarneeb.png]
[www.top5arabcasinos.com/wp-content/uploads/2020/08/joker.png]
[www.top5arabcasinos.com/wp-content/uploads/2020/08/طرنيب-game.png]
[www.top5arabcasinos.com/wp-content/uploads/2020/08/13.png]
[www.top5arabcasinos.com/wp-content/uploads/2020/08/طرنيب-winner.png]
[www.top5arabcasinos.com/wp-content/uploads/2020/08/club.png]
[www.top5arabcasinos.com/wp-content/uploads/2020/08/Spade.png]
[www.top5arabcasinos.com/wp-content/uploads/2020/08/Hurt.png]
[www.top5arabcasinos.com/wp-content/uploads/2020/08/Diamond.png]
[www.top5arabcasinos.com/wp-content/uploads/2020/08/ثانيًا-الطلب.png]
[www.top5arabcasinos.com/wp-content/uploads/2020/08/ثالثًا-طريقة-اللعب.png]
[www.top5arabcasinos.com/wp-content/uploads/2020/08/ثالثًا-طريقة-اللعب-1.png]
[www.top5arabcasinos.com/wp-content/uploads/2020/08/ثالثًا-طريقة-اللعب-2.png]
[www.top5arabcasinos.com/wp-content/uploads/2020/08/رابعًا-حساب-النقاط.png]
[www.top5arabcasinos.com/wp-content/uploads/2020/08/رابعًا-حساب-النقاط-1.png]
[www.top5arabcasinos.com/wp-content/uploads/2020/08/رابعًا-حساب-النقاط-13.png]
[www.top5arabcasinos.com/wp-content/uploads/2020/08/رابعًا-حساب-النقاط-16.png]
[www.top5arabcasinos.com/wp-content/uploads/2020/08/رابعًا-حساب-النقاط-26.png]
[www.top5arabcasinos.com/wp-content/uploads/2020/08/رابعًا-حساب-النقاط-m16.png]
[www.top5arabcasinos.com/wp-content/uploads/2020/08/رابعًا-حساب-النقاط-31.png]
[www.top5arabcasinos.com/طرنيب/index.html]
[www.top5arabcasinos.com/wp-content/uploads/2020/08/Backgammon.jpg]
[www.top5arabcasinos.com/wp-content/uploads/2020/08/طاولة-الزهر.jpg]
[www.top5arabcasinos.com/wp-content/uploads/2020/08/صندوق-طاولة-الزهر.jpg]
[www.top5arabcasinos.com/wp-content/uploads/2020/08/طاولة-زهر.jpg]
[www.top5arabcasinos.com/wp-content/uploads/2020/08/شيش-بيش.jpg]
[www.top5arabcasinos.com/backgammon/index162c.html]
[www.top5arabcasinos.com/backgammon/index.html]
[www.top5arabcasinos.com/poker/index.html]
[www.top5arabcasinos.com/wp-content/uploads/2020/07/كازينو-الجوال.jpg]
[www.top5arabcasinos.com/poker/index162c.html]
[www.top5arabcasinos.com/wp-content/uploads/2020/07/Arabic-mobile-casinos.jpg]
[www.top5arabcasinos.com/كازينو-الجوال/index162c.html]
[www.top5arabcasinos.com/wp-content/uploads/2020/07/Mobile-casino.jpg]
[www.top5arabcasinos.com/كازينو-الجوال/index.html]
[www.top5arabcasinos.com/wp-content/uploads/2019/11/بيتكوين-كازينو.jpg]
[www.top5arabcasinos.com/كازينو-vpn/index.html]
[www.top5arabcasinos.com/wp-content/uploads/2019/11/البيتكوين-كازينو.jpg]
[www.top5arabcasinos.com/بيتكوين-كازينو/index.html]
[www.top5arabcasinos.com/wp-content/uploads/2020/02/مكافآت-الكازينو.jpg]
[www.top5arabcasinos.com/بيتكوين-كازينو/index162c.html]
[www.top5arabcasinos.com/wp-content/uploads/2020/02/Casino-bonus.jpg]
[www.top5arabcasinos.com/مكافآت-الكازينو/index.html]
[www.top5arabcasinos.com/wp-content/uploads/2019/11/كازينو-المال-الحقيقي.jpg]
[www.top5arabcasinos.com/مكافآت-الكازينو/index162c.html]
[www.top5arabcasinos.com/wp-content/uploads/2019/11/كازينو-المال-الحقيقي-على-الإنترنت-وربح-المال-من-الألعاب.jpg]
[www.top5arabcasinos.com/كازينو-المال-الحقيقي/index.html]
[www.top5arabcasinos.com/كازينو-المال-الحقيقي/index162c.html]
[www.top5arabcasinos.com/الإيداع-والسحب/index.html]
[www.top5arabcasinos.com/الإيداع-والسحب/index162c.html]
[www.top5arabcasinos.com/wp-content/uploads/2020/01/Payeer-بايير.jpg]
[www.top5arabcasinos.com/wp-content/uploads/2020/01/Payeer-eWallet.gif]
[www.top5arabcasinos.com/payeer/index.html]
[www.top5arabcasinos.com/wp-content/uploads/2019/12/AstroPay.jpg]
[www.top5arabcasinos.com/payeer/amp/index.html]
[www.top5arabcasinos.com/astropay/index.html]
[www.top5arabcasinos.com/category/طريقة-الدفع/index.html]
[www.top5arabcasinos.com/wp-content/uploads/2020/03/EcoPayz.jpg]
[www.top5arabcasinos.com/astropay/amp/index.html]
[www.top5arabcasinos.com/wp-content/uploads/2020/03/EcoPayz-كازينو-العرب.jpg]
[www.top5arabcasinos.com/ecopayz/index.html]
[www.top5arabcasinos.com/wp-content/uploads/2020/09/الوسائل-المالية-التي-يُمكن-للاعبين-العرب-استخدامها-في-كازينوهات-الإنترنت-300x200.jpg]
[www.top5arabcasinos.com/ecopayz/amp/index.html]
[www.top5arabcasinos.com/wp-content/uploads/2020/02/لماذا-تُعتبَّر-ألعاب-لايف-كازينو-هي-الأفضل؟-300x200.jpg]
[www.top5arabcasinos.com/مقالات-الكازينو/index162c.html]
[www.top5arabcasinos.com/wp-content/uploads/2020/05/Marina-Bay-Sands-MBS-300x200.jpg]
[www.top5arabcasinos.com/لماذا-تُعتبَّر-ألعاب-لايف-كازينو-هي-ال/index.html]
[www.top5arabcasinos.com/wp-content/uploads/2020/05/استراتيجية-روليت-300x200.jpg]
[www.top5arabcasinos.com/marina-bay-sands-casino/index.html]
[www.top5arabcasinos.com/wp-content/uploads/2020/04/الحصول-على-البيتكوين-والعملات-الرقمية-من-العاب-الإنترنت-300x200.jpg]
[www.top5arabcasinos.com/wp-content/uploads/2020/03/Mayfair-casinos-300x200.jpg]
[www.top5arabcasinos.com/استراتيجية-روليت/index.html]
[www.top5arabcasinos.com/wp-content/uploads/2020/03/EcoPayz-300x200.jpg]
[www.top5arabcasinos.com/wp-content/uploads/2020/03/كازينو-كروز-300x200.jpg]
[www.top5arabcasinos.com/mayfair-casinos/index.html]
[www.top5arabcasinos.com/wp-content/uploads/2020/02/كيف-تلعب-بلاك-جاك؟-360x200.png]
[www.top5arabcasinos.com/wp-content/uploads/2020/02/Casino-Royale-300x200.jpg]
[www.top5arabcasinos.com/هل-هناك-كازينو-كروز-للاعبي-الخليج-العر/index.html]
[www.top5arabcasinos.com/كيف-تلعب-بلاك-جاك/index.html]
[www.top5arabcasinos.com/wp-content/uploads/2020/01/كازينو-دبي-300x200.jpg]
[www.top5arabcasinos.com/كازينو-رويال/index.html]
[www.top5arabcasinos.com/wp-content/uploads/2020/01/كيف-تلعب-الروليت-360x200.jpg]
[www.top5arabcasinos.com/كازينو-دبي/index.html]
[www.top5arabcasinos.com/لماذا-أُفضِّل-اللعب-في-لايف-كازينو؟/index.html]
[www.top5arabcasinos.com/wp-content/uploads/2020/01/Payeer-بايير-300x200.jpg]
[www.top5arabcasinos.com/wp-content/uploads/2019/12/تاريخ-العاب-القمار-على-الإنترنت-ومستقبلها-300x200.jpg]
[www.top5arabcasinos.com/كيف-تلعب-الروليت/index.html]
[www.top5arabcasinos.com/wp-content/uploads/2019/12/كازينو-موسكو-300x200.jpg]
[www.top5arabcasinos.com/تاريخ-العاب-القمار/index.html]
[www.top5arabcasinos.com/wp-content/uploads/2019/12/كازينو-جورجيا-300x200.jpg]
[www.top5arabcasinos.com/كازينو-موسكو/index.html]
[www.top5arabcasinos.com/wp-content/uploads/2019/12/AstroPay-300x200.jpg]
[www.top5arabcasinos.com/كازينو-جورجيا/index.html]
[www.top5arabcasinos.com/wp-content/uploads/2019/12/كازينو-ايفون-iPhone-Casino-300x200.jpg]
[www.top5arabcasinos.com/wp-content/uploads/2019/11/كازينو-VPN-للاعبين-من-الإمارات-وقطر-والسعودية-300x200.jpg]
[www.top5arabcasinos.com/كازينو-ايفون/index.html]
[www.top5arabcasinos.com/wp-content/uploads/2019/11/كيفية-اختيار-أفضل-كازينو-للاعبين-العرب؟-360x200.png]
[www.top5arabcasinos.com/wp-content/uploads/2019/10/وسائل-الإيداع-للاعبين-العرب-300x200.jpg]
[www.top5arabcasinos.com/كازينوهات-العرب-اون-لاين/index.html]
[www.top5arabcasinos.com/wp-content/uploads/2019/10/كيف-نقوم-بتصنيف-مواقع-الكازينو؟-300x200.jpg]
[www.top5arabcasinos.com/الإيداع-في-كازينوهات-الإنترنت/index.html]
[www.top5arabcasinos.com/wp-content/uploads/2019/10/كيف-يتم-تشغيل-لايف-كازينو-360x200.jpg]
[www.top5arabcasinos.com/مقالات-الكازينو/index.html]
[www.top5arabcasinos.com/كيف-نقوم-بتصنيف-مواقع-الكازينو؟/index.html]
[www.top5arabcasinos.com/كيف-يتم-تشغيل-لايف-كازينو؟/index.html]
[www.top5arabcasinos.com/معلومات-عَنا/feed/index.html]
[www.top5arabcasinos.com/معلومات-عَنا/index162c.html]
[www.top5arabcasinos.com/wp-includes/js/comment-reply.min7661.js]
[www.top5arabcasinos.com/معلومات-عَنا/index.html]
[www.top5arabcasinos.com/الوسائل-المالية/index.html]
[www.top5arabcasinos.com/wp-content/uploads/2020/09/كازينو-لبنان.jpg]
[www.top5arabcasinos.com/wp-content/uploads/2020/09/Casino-Lebanon.jpg]
[www.top5arabcasinos.com/category/مقالات-الكازينو/index.html]
[www.top5arabcasinos.com/الوسائل-المالية/amp/index.html]
[www.top5arabcasinos.com/كازينو-لبنان/feed/index.html]
[www.top5arabcasinos.com/كازينو-لبنان/index.html]
[www.top5arabcasinos.com/wp-content/uploads/2020/07/GTA-online-casino.jpg]
[www.top5arabcasinos.com/كازينو-لبنان/amp/index.html]
[www.top5arabcasinos.com/wp-content/uploads/2020/07/GTA-casino.jpg]
[www.top5arabcasinos.com/لعبة-gta-استغل-ثغرة-الكازينو-واحصل-على-أم/index.html]
[www.top5arabcasinos.com/wp-content/uploads/2020/07/Tor-browser.jpg]
[www.top5arabcasinos.com/لعبة-gta-استغل-ثغرة-الكازينو-واحصل-على-أم/amp/index.html]
[www.top5arabcasinos.com/wp-content/uploads/2020/07/Tor-browser-for-online-gambling.jpg]
[www.top5arabcasinos.com/category/أخبار/index.html]
[www.top5arabcasinos.com/متصفح-tor/index.html]
[www.top5arabcasinos.com/wp-content/uploads/2020/06/قائمة-أغنى-لاعبي-البوكر-من-الشرق-الأوسط.jpg]
[www.top5arabcasinos.com/category/دليل/index.html]
[www.top5arabcasinos.com/متصفح-tor/amp/index.html]
[www.top5arabcasinos.com/wp-content/uploads/2020/06/أنطونيو-اسفندياري.jpg]
[www.top5arabcasinos.com/wp-content/uploads/2020/06/جو-هاشم.jpg]
[www.top5arabcasinos.com/لاعبو-البوكر-شرق-أوسط/amp/index.html]
[www.top5arabcasinos.com/wp-content/uploads/2020/06/فريدي-ديب.jpg]
[www.top5arabcasinos.com/wp-content/uploads/2020/06/دانيال-علائي.jpg]
[www.top5arabcasinos.com/wp-content/uploads/2020/06/حسن-حبيب.jpg]
[www.top5arabcasinos.com/wp-content/uploads/2020/06/فرزاد-بونيادي.jpg]
[www.top5arabcasinos.com/wp-content/uploads/2020/06/سامي-فرحة.jpg]
[www.top5arabcasinos.com/wp-content/uploads/2020/06/فراز-جاكا.jpg]
[www.top5arabcasinos.com/لاعبو-البوكر-شرق-أوسط/index.html]
[www.top5arabcasinos.com/wp-content/uploads/2020/03/10Bet.png]
[www.top5arabcasinos.com/10bet/index.html]
[www.top5arabcasinos.com/wp-content/uploads/2020/06/bet365.png]
[www.top5arabcasinos.com/muchbetter-casinos/index.html]
[www.top5arabcasinos.com/wp-content/uploads/2020/06/bet365-casino-bonus.jpg]
[www.top5arabcasinos.com/wp-content/uploads/2020/06/bet365-casino-bonus-130x90.jpg]
[www.top5arabcasinos.com/wp-content/uploads/2020/06/bet365-Live-Casino.jpg]
[www.top5arabcasinos.com/wp-content/uploads/2020/06/bet365-Live-Casino-130x90.jpg]
[www.top5arabcasinos.com/wp-content/uploads/2020/06/bet365-Sport-betting.jpg]
[www.top5arabcasinos.com/wp-content/uploads/2020/06/bet365-Sport-betting-130x90.jpg]
[www.top5arabcasinos.com/wp-content/uploads/2020/06/بيت-365.jpg]
[www.top5arabcasinos.com/wp-content/uploads/2020/06/بيت-365-130x90.jpg]
[www.top5arabcasinos.com/wp-content/uploads/2020/06/bet365-join.jpg]
[www.top5arabcasinos.com/wp-content/uploads/2020/06/bet365-join-130x90.jpg]
[www.top5arabcasinos.com/bet365/index.html]
[www.top5arabcasinos.com/wp-content/uploads/2019/10/bwin.png]
[www.top5arabcasinos.com/wp-content/uploads/2019/10/bwin.jpg]
[www.top5arabcasinos.com/wp-content/uploads/2019/10/bwin-130x90.jpg]
[www.top5arabcasinos.com/wp-content/uploads/2019/10/bwin-casino.jpg]
[www.top5arabcasinos.com/wp-content/uploads/2019/10/bwin-casino-130x90.jpg]
[www.top5arabcasinos.com/wp-content/uploads/2019/10/bwin-الرهان-كرة-القدم.jpg]
[www.top5arabcasinos.com/wp-content/uploads/2019/10/bwin-الرهان-كرة-القدم-130x90.jpg]
[www.top5arabcasinos.com/wp-content/uploads/2019/10/bwin-الكازينو-المباشر.png]
[www.top5arabcasinos.com/wp-content/uploads/2019/10/bwin-الكازينو-المباشر-130x90.png]
[www.top5arabcasinos.com/wp-content/uploads/2019/10/bwin-العب-الآن.jpg]
[www.top5arabcasinos.com/wp-content/uploads/2019/10/bwin-العب-الآن-130x90.jpg]
[www.top5arabcasinos.com/bwin/index.html]
[www.top5arabcasinos.com/ar3-index-ar.html]
[www.top5arabcasinos.com/wp-content/uploads/2019/11/888-casino.png]
[www.top5arabcasinos.com/wp-content/uploads/2020/01/كازينو-888.jpg]
[www.top5arabcasinos.com/wp-content/uploads/2020/01/كازينو-888-130x90.jpg]
[www.top5arabcasinos.com/wp-content/uploads/2020/01/Play-888-Casino.jpg]
[www.top5arabcasinos.com/wp-content/uploads/2020/01/Play-888-Casino-130x90.jpg]
[www.top5arabcasinos.com/wp-content/uploads/2020/01/888casino.jpg]
[www.top5arabcasinos.com/wp-content/uploads/2020/01/888casino-130x90.jpg]
[www.top5arabcasinos.com/wp-content/uploads/2020/01/888-Live-Casino.jpg]
[www.top5arabcasinos.com/wp-content/uploads/2020/01/888-Live-Casino-130x90.jpg]
[www.top5arabcasinos.com/wp-content/uploads/2020/01/888-كازينو-المباشر.jpg]
[www.top5arabcasinos.com/wp-content/uploads/2020/01/888-كازينو-المباشر-130x90.jpg]
[www.top5arabcasinos.com/wp-content/uploads/2020/01/888-casino-VIP.jpg]
[www.top5arabcasinos.com/wp-content/uploads/2020/01/888-casino-VIP-130x90.jpg]
[www.top5arabcasinos.com/888-casino/index.html]
[www.top5arabcasinos.com/wp-content/uploads/2020/06/Betfinal.png]
[www.top5arabcasinos.com/wp-content/uploads/2020/06/Betfinal-arabic-casino.jpg]
[www.top5arabcasinos.com/wp-content/uploads/2020/06/Betfinal-arabic-casino-130x90.jpg]
[www.top5arabcasinos.com/wp-content/uploads/2020/06/Betfinal-الكازينو-المباشر.jpg]
[www.top5arabcasinos.com/wp-content/uploads/2020/06/Betfinal-الكازينو-المباشر-130x90.jpg]
[www.top5arabcasinos.com/wp-content/uploads/2020/06/Betfinal-كازينو-العرب.jpg]
[www.top5arabcasinos.com/wp-content/uploads/2020/06/Betfinal-كازينو-العرب-130x90.jpg]
[www.top5arabcasinos.com/wp-content/uploads/2020/06/Betfinal-المراهنات-الرياضية.jpg]
[www.top5arabcasinos.com/wp-content/uploads/2020/06/Betfinal-المراهنات-الرياضية-130x90.jpg]
[www.top5arabcasinos.com/wp-content/uploads/2020/06/Betfinal-كازينو-على-الانترنت-scaled.jpg]
[www.top5arabcasinos.com/wp-content/uploads/2020/06/Betfinal-كازينو-على-الانترنت-130x90.jpg]
[www.top5arabcasinos.com/betfinal/index.html]
[www.top5arabcasinos.com/wp-content/uploads/2020/09/1xBet.png]
[www.top5arabcasinos.com/1xbet/index.html]
[www.top5arabcasinos.com/wp-content/uploads/2020/04/spin-casino.png]
[www.top5arabcasinos.com/spin-casino/index.html]
[www.top5arabcasinos.com/wp-content/uploads/2020/04/الحصول-على-البيتكوين-والعملات-الرقمية-من-العاب-الإنترنت.jpg]
[www.top5arabcasinos.com/wp-content/uploads/2020/04/هل-اللعب-في-كازينوهات-الإنترنت-أفضل-وسيلة-للحصول-على-البيتكوين.jpg]
[www.top5arabcasinos.com/استثمار-البيتكوين-والعملات-الرقمية/index.html]
[www.top5arabcasinos.com/888 Casino - Exclusive VIP $1,000 Bonus For Casino Players From GCC_files/analytics.js.download]
[www.top5arabcasinos.com/استثمار-البيتكوين-والعملات-الرقمية/amp/index.html]
[www.top5arabcasinos.com/888 Casino - Exclusive VIP $1,000 Bonus For Casino Players From GCC_files/wp-emoji-release.min.js.download]
[www.top5arabcasinos.com/888 Casino - Exclusive VIP $1,000 Bonus For Casino Players From GCC_files/أفضل-5-كازينوهات-عربية.png]
[www.top5arabcasinos.com/888 Casino - Exclusive VIP $1,000 Bonus For Casino Players From GCC_files/888-casino-293x90.png]
[www.top5arabcasinos.com/888 Casino - Exclusive VIP $1,000 Bonus For Casino Players From GCC_files/gpwa.gif]
[www.top5arabcasinos.com/888 Casino - Exclusive VIP $1,000 Bonus For Casino Players From GCC_files/admin.html]
[www.top5arabcasinos.com/888 Casino - Exclusive VIP $1,000 Bonus For Casino Players From GCC_files/4d75a19826da81bb67a051615c108d7a.png]
[www.top5arabcasinos.com/888 Casino - Exclusive VIP $1,000 Bonus For Casino Players From GCC_files/4d75a19826da81bb67a051615c108d7a(1).png]
[www.top5arabcasinos.com/wp-login592f.php]
[www.top5arabcasinos.com/888 Casino - Exclusive VIP $1,000 Bonus For Casino Players From GCC_files/rtl.html]
[www.top5arabcasinos.com/888 Casino - Exclusive VIP $1,000 Bonus For Casino Players From GCC_files/hoverintent-js.min.js.download]
[www.top5arabcasinos.com/888 Casino - Exclusive VIP $1,000 Bonus For Casino Players From GCC_files/admin-bar.min.js.download]
[www.top5arabcasinos.com/888 Casino - Exclusive VIP $1,000 Bonus For Casino Players From GCC_files/jquery.js.download]
[www.top5arabcasinos.com/888 Casino - Exclusive VIP $1,000 Bonus For Casino Players From GCC_files/jquery-migrate.min.js.download]
[www.top5arabcasinos.com/888 Casino - Exclusive VIP $1,000 Bonus For Casino Players From GCC_files/scripts.all.min.js.download]
[www.top5arabcasinos.com/888 Casino - Exclusive VIP $1,000 Bonus For Casino Players From GCC_files/wp-embed.min.js.download]
[www.top5arabcasinos.com/888 Casino - Exclusive VIP $1,000 Bonus For Casino Players From GCC_files/underscore.min.js.download]
[www.top5arabcasinos.com/888 Casino - Exclusive VIP $1,000 Bonus For Casino Players From GCC_files/backbone.min.js.download]
[www.top5arabcasinos.com/888 Casino - Exclusive VIP $1,000 Bonus For Casino Players From GCC_files/mustache.js.download]
[www.top5arabcasinos.com/888 Casino - Exclusive VIP $1,000 Bonus For Casino Players From GCC_files/notes-common-v2.js.download]
[www.top5arabcasinos.com/888 Casino - Exclusive VIP $1,000 Bonus For Casino Players From GCC_files/admin-bar-v2.js.download]
[www.top5arabcasinos.com/888 Casino - Exclusive VIP $1,000 Bonus For Casino Players From GCC_files/jquery.smooth-scroll.min.js.download]
[www.top5arabcasinos.com/888 Casino - Exclusive VIP $1,000 Bonus For Casino Players From GCC_files/js.cookie.min.js.download]
[www.top5arabcasinos.com/888 Casino - Exclusive VIP $1,000 Bonus For Casino Players From GCC_files/jquery.sticky-kit.min.js.download]
[www.top5arabcasinos.com/888 Casino - Exclusive VIP $1,000 Bonus For Casino Players From GCC_files/front.min.js.download]
[www.top5arabcasinos.com/888casino.html]
[www.top5arabcasinos.com/william-hill.html]
[www.top5arabcasinos.com/index4efb.html]
[cdn.ampproject.org/v0.js]
[cdn.ampproject.org/v0/amp-sidebar-0.1.js]
[maxcdn.bootstrapcdn.com/font-awesome/4.7.0/css/font-awesome.min.css]
[www.top5arabcasinos.com/wp-content/plugins/contact-widgets/assets/fonts/fontawesome-webfont3e6e.eot]
[www.top5arabcasinos.com/wp-content/plugins/contact-widgets/assets/fonts/fontawesome-webfont.eot]
[www.top5arabcasinos.com/wp-content/plugins/contact-widgets/assets/fonts/fontawesome-webfont3e6e.woff2]
[www.top5arabcasinos.com/wp-content/plugins/contact-widgets/assets/fonts/fontawesome-webfont3e6e.woff]
[www.top5arabcasinos.com/wp-content/plugins/contact-widgets/assets/fonts/fontawesome-webfont3e6e.ttf]
[pixel.wp.com/g644f.gif]
[www.top5arabcasinos.com/الكازينو-المباشر/index162c.html]
[www.top5arabcasinos.com/index3f85.html]
[pixel.wp.com/gc8c4.gif]
[www.top5arabcasinos.com/العاب-كازينو/index162c.html]
[www.top5arabcasinos.com/index2e25.html]
[pixel.wp.com/g1e80.gif]
[www.top5arabcasinos.com/روليت/index162c.html]
[www.top5arabcasinos.com/البلاك-جاك/index.html]
[www.top5arabcasinos.com/index42fe.html]
[pixel.wp.com/g780d.gif]
[www.top5arabcasinos.com/بلاك-جاك/index162c.html]
[www.top5arabcasinos.com/الروليت/index.html]
[www.top5arabcasinos.com/indexdc2c.html]
[pixel.wp.com/gcce3.gif]
[www.top5arabcasinos.com/ماكينات-القمار/index162c.html]
[www.top5arabcasinos.com/index174b.html]
[pixel.wp.com/g64cc.gif]
[www.top5arabcasinos.com/باكاراه/index162c.html]
[www.top5arabcasinos.com/indexd8a3.html]
[pixel.wp.com/gfd77.gif]
[www.top5arabcasinos.com/بلوت/index162c.html]
[www.top5arabcasinos.com/index7221.html]
[pixel.wp.com/g8ba4.gif]
[www.top5arabcasinos.com/طرنيب/index162c.html]
[www.top5arabcasinos.com/index582f.html]
[pixel.wp.com/gaa51.gif]
[www.top5arabcasinos.com/backgammon/index162c.html]
[www.top5arabcasinos.com/indexf05d.html]
[pixel.wp.com/g9e99.gif]
[www.top5arabcasinos.com/poker/index162c.html]
[www.top5arabcasinos.com/indexc52d.html]
[www.top5arabcasinos.com/كازينو-الجوال/index162c.html]
[pixel.wp.com/g913d.gif]
[www.top5arabcasinos.com/wp-content/uploads/2019/11/كازينو-VPN-للاعبين-من-الإمارات-وقطر-والسعودية.jpg]
[www.top5arabcasinos.com/wp-content/uploads/2019/11/كازينو-VPN.png]
[www.top5arabcasinos.com/wp-content/uploads/2019/11/كازينو-vpn.jpg]
[www.top5arabcasinos.com/wp-content/uploads/2019/11/كازينو-VPN-للاعبين-من-الإمارات-وقطر-والسعودية230a.mp4]
[www.top5arabcasinos.com/كازينو-vpn/amp/index.html]
[www.top5arabcasinos.com/wp-content/uploads/2019/11/كازينو-VPN-للاعبين-من-الإمارات-وقطر-والسعودية.mp4]
[www.top5arabcasinos.com/wp-content/uploads/2019/11/هل-تقبل-الكازينوهات-اللاعبين-الذين-يستخدمون-VPN.jpg]
[www.top5arabcasinos.com/wp-includes/js/mediaelement/mediaelement-and-player.minc270.js]
[www.top5arabcasinos.com/wp-includes/js/mediaelement/mediaelement-migrate.min7661.js]
[www.top5arabcasinos.com/wp-includes/js/mediaelement/wp-mediaelement.min7661.js]
[www.top5arabcasinos.com/wp-includes/js/mediaelement/renderers/vimeo.minc270.js]
[www.top5arabcasinos.com/كازينو-vpn/index.html]
[www.top5arabcasinos.com/indexdc17.html]
[pixel.wp.com/g75db.gif]
[www.top5arabcasinos.com/بيتكوين-كازينو/index162c.html]
[www.top5arabcasinos.com/indexecc4.html]
[pixel.wp.com/ge678.gif]
[www.top5arabcasinos.com/مكافآت-الكازينو/index162c.html]
[www.top5arabcasinos.com/indexeba0.html]
[pixel.wp.com/geee1.gif]
[www.top5arabcasinos.com/كازينو-المال-الحقيقي/index162c.html]
[www.top5arabcasinos.com/index4c66.html]
[pixel.wp.com/gd7a8.gif]
[www.top5arabcasinos.com/الإيداع-والسحب/index162c.html]
[www.top5arabcasinos.com/index2cc4.html]
[cdn.ampproject.org/v0/amp-anim-0.1.js]
[pixel.wp.com/g3498.gif]
[www.top5arabcasinos.com/payeer/amp/index.html]
[www.top5arabcasinos.com/category/طريقة-الدفع/index.html]
[www.top5arabcasinos.com/index22b3.html]
[pixel.wp.com/g9a8a.gif]
[www.top5arabcasinos.com/astropay/amp/index.html]
[www.top5arabcasinos.com/indexc9bc.html]
[pixel.wp.com/ge1fb.gif]
[www.top5arabcasinos.com/category/طريقة-الدفع/feed/index.html]
[www.top5arabcasinos.com/ecopayz/amp/index.html]
[www.top5arabcasinos.com/index93a9.html]
[pixel.wp.com/gd4c0.gif]
[www.top5arabcasinos.com/مقالات-الكازينو/index162c.html]
[www.top5arabcasinos.com/wp-content/uploads/2020/02/لماذا-تُعتبَّر-ألعاب-لايف-كازينو-هي-الأفضل؟.jpg]
[www.top5arabcasinos.com/لماذا-تُعتبَّر-ألعاب-لايف-كازينو-هي-ال/index.html]
[www.top5arabcasinos.com/wp-content/uploads/2020/05/Marina-Bay-Sands-MBS.jpg]
[www.top5arabcasinos.com/wp-content/uploads/2020/05/Marina-Bay-Sands-Casino.jpg]
[www.top5arabcasinos.com/لماذا-تُعتبَّر-ألعاب-لايف-كازينو-هي-ال/amp/index.html]
[www.top5arabcasinos.com/marina-bay-sands-casino/index.html]
[www.top5arabcasinos.com/wp-content/uploads/2020/05/استراتيجية-روليت.jpg]
[www.top5arabcasinos.com/marina-bay-sands-casino/amp/index.html]
[www.top5arabcasinos.com/wp-content/uploads/2020/05/احتمالات-استراتيجية-روليت-مارتينجال.png]
[www.top5arabcasinos.com/wp-content/uploads/2020/05/اقتصاديات-لابوتشير.png]
[www.top5arabcasinos.com/استراتيجية-روليت/amp/index.html]
[www.top5arabcasinos.com/wp-content/uploads/2020/05/استراتيجية-روليت-فيبوناتشي.png]
[www.top5arabcasinos.com/استراتيجية-روليت/index.html]
[www.top5arabcasinos.com/wp-content/uploads/2020/03/Mayfair-casinos.jpg]
[www.top5arabcasinos.com/wp-content/uploads/2020/03/كازينوهات-مايفير.jpg]
[www.top5arabcasinos.com/mayfair-casinos/index.html]
[www.top5arabcasinos.com/wp-content/uploads/2020/03/كازينو-كروز.jpg]
[www.top5arabcasinos.com/هل-هناك-كازينو-كروز-للاعبي-الخليج-العر/index.html]
[www.top5arabcasinos.com/mayfair-casinos/amp/index.html]
[www.top5arabcasinos.com/هل-هناك-كازينو-كروز-للاعبي-الخليج-العر/amp/index.html]
[www.top5arabcasinos.com/wp-content/uploads/2020/02/كيف-تلعب-بلاك-جاك؟.png]
[www.top5arabcasinos.com/wp-content/uploads/2020/02/بداية-لعب-بلاك-جاك.png]
[www.top5arabcasinos.com/wp-content/uploads/2020/02/قِيَّم-البطاقات.png]
[www.top5arabcasinos.com/wp-content/uploads/2020/02/قواعد-الرهان-في-لعبة-بلاك-جاك.png]
[www.top5arabcasinos.com/كيف-تلعب-بلاك-جاك/amp/index.html]
[www.top5arabcasinos.com/wp-content/uploads/2020/02/قيمة-رقائق-لعبة-بلاك-جاك.png]
[www.top5arabcasinos.com/wp-content/uploads/2020/02/قرار-Hit.png]
[www.top5arabcasinos.com/wp-content/uploads/2020/02/قرار-Stand.png]
[www.top5arabcasinos.com/wp-content/uploads/2020/02/قرار-Split.png]
[www.top5arabcasinos.com/wp-content/uploads/2020/02/قرار-Doubling-Down.png]
[www.top5arabcasinos.com/wp-content/uploads/2020/02/قرار-Surrender.png]
[www.top5arabcasinos.com/wp-content/uploads/2020/02/قرار-Even-Money.png]
[www.top5arabcasinos.com/wp-content/uploads/2020/02/قواعد-لعب-بلاك-جاك-Blackjack-Etiquette.png]
[www.top5arabcasinos.com/wp-content/uploads/2020/02/أن-تقول-للموزع-Hit-Me.png]
[www.top5arabcasinos.com/wp-content/uploads/2020/02/الجلوس-ووضع-الرهان-في-منتصف-اللعب.png]
[www.top5arabcasinos.com/wp-content/uploads/2020/02/الروليت-مُقابل-بلاك-جاك.png]
[www.top5arabcasinos.com/wp-content/uploads/2020/02/اختلاف-لعبة-بلاك-جاك-عن-باقي-ألعاب-الكازينو.png]
[www.top5arabcasinos.com/wp-content/uploads/2020/02/بلاك-جاك-هي-لعبة-مهارة.png]
[www.top5arabcasinos.com/wp-content/uploads/2020/02/لماذا-تلعب-بلاك-جاك؟.png]
[www.top5arabcasinos.com/wp-content/uploads/2020/02/ميزة-اللاعب-الإحصائيّة.png]
[www.top5arabcasinos.com/wp-content/uploads/2020/02/نسبة-ربح-لعبة-بلاك-جاك.png]
[www.top5arabcasinos.com/wp-content/uploads/2020/02/استخدام-قرار-“Hit”-و-“Stand”-بشكلٍ-صحيح.png]
[www.top5arabcasinos.com/wp-content/uploads/2020/02/استخدام-استراتيجيَّات-المُضاعفة-و-تقسيم-الأزواج.png]
[www.top5arabcasinos.com/wp-content/uploads/2020/02/Blackjack-house-advantage.png]
[www.top5arabcasinos.com/wp-content/uploads/2020/02/فهم-ميزّة-الكازينو.png]
[www.top5arabcasinos.com/wp-content/uploads/2020/02/قيمة-تعلم-استراتيجية-اللعب-الصحيحة.png]
[www.top5arabcasinos.com/wp-content/uploads/2020/02/تاريخ-لعبة-بلاك-جاك.png]
[www.top5arabcasinos.com/wp-content/uploads/2020/02/اللعبة-الفرنسيّة-VINGT-ET-UN.png]
[www.top5arabcasinos.com/wp-content/uploads/2020/02/اللعبة-الإيطاليّة-SEVEN-AND-A-HALF.png]
[www.top5arabcasinos.com/wp-content/uploads/2020/02/اللعبة-الإسبانيّة-ONE-AND-THIRTY.png]
[www.top5arabcasinos.com/wp-content/uploads/2020/02/الإنتقال-من-21-إلى-البلاك-جاك.png]
[www.top5arabcasinos.com/كيف-تلعب-بلاك-جاك/index.html]
[www.top5arabcasinos.com/wp-content/uploads/2020/02/Casino-Royale.jpg]
[www.top5arabcasinos.com/wp-content/uploads/2020/02/كازينو-رويال.jpg]
[www.top5arabcasinos.com/wp-content/uploads/2020/02/Casino-Royal.jpg]
[www.top5arabcasinos.com/كازينو-رويال/index.html]
[www.top5arabcasinos.com/wp-content/uploads/2020/02/لماذا-تُعتبَّر-ألعاب-لايف-كازينو-هي-الأفضل؟-1.jpg]
[www.top5arabcasinos.com/كازينو-رويال/amp/index.html]
[www.top5arabcasinos.com/كازينو-رويال/feed/index.html]
[www.top5arabcasinos.com/لماذا-أُفضِّل-اللعب-في-لايف-كازينو؟/index.html]
[www.top5arabcasinos.com/لماذا-أُفضِّل-اللعب-في-لايف-كازينو؟/amp/index.html]
[www.top5arabcasinos.com/wp-content/uploads/2020/01/كازينو-دبي.jpg]
[www.top5arabcasinos.com/wp-content/uploads/2020/01/Casino-Dubai.jpg]
[www.top5arabcasinos.com/كازينو-دبي/index.html]
[www.top5arabcasinos.com/wp-content/uploads/2020/01/كيف-تلعب-الروليت.jpg]
[www.top5arabcasinos.com/كازينو-دبي/amp/index.html]
[www.top5arabcasinos.com/wp-content/uploads/2020/01/أنواع-الرهانات-في-لعبة-الروليت.png]
[www.top5arabcasinos.com/wp-content/uploads/2020/01/الرهان-على-رقمٍ-واحد.png]
[www.top5arabcasinos.com/wp-content/uploads/2020/01/الرهان-على-رقمَينِ-في-لعبة-الروليت.png]
[www.top5arabcasinos.com/wp-content/uploads/2020/01/الرهان-على-ثلاثة-أرقام.png]
[www.top5arabcasinos.com/كيف-تلعب-الروليت/amp/index.html]
[www.top5arabcasinos.com/wp-content/uploads/2020/01/الرهان-على-أربعة-أرقام.png]
[www.top5arabcasinos.com/wp-content/uploads/2020/01/الرهان-على-خمسة-أرقام.png]
[www.top5arabcasinos.com/wp-content/uploads/2020/01/الرهان-على-ستة-أرقام.png]
[www.top5arabcasinos.com/wp-content/uploads/2020/01/الرهان-على-الأعمدة.png]
[www.top5arabcasinos.com/wp-content/uploads/2020/01/الرهان-على-دزينة.png]
[www.top5arabcasinos.com/wp-content/uploads/2020/01/الرهان-على-الأرقام-الفردية-أو-الزوجية.png]
[www.top5arabcasinos.com/wp-content/uploads/2020/01/الرهان-على-الأرقام-العالية-أو-المُنخفضة.png]
[www.top5arabcasinos.com/wp-content/uploads/2020/01/الرهان-على-اللون-الأحمر-أو-الأسود.png]
[www.top5arabcasinos.com/wp-content/uploads/2020/01/كيف-تُحدد-قيمة-كل-رقاقة.png]
[www.top5arabcasinos.com/wp-content/uploads/2020/01/هل-تختار-هذا-الخيار-أم-ذاك.png]
[www.top5arabcasinos.com/wp-content/uploads/2020/01/متى-يجب-أن-تتوقف-عن-وضع-رهاناتك.png]
[www.top5arabcasinos.com/wp-content/uploads/2020/01/كيف-تتصرف-مع-اللاعبين-المتوترين.png]
[www.top5arabcasinos.com/wp-content/uploads/2020/01/ماذا-سيحدث-إذا-فزت؟.png]
[www.top5arabcasinos.com/wp-content/uploads/2020/01/متى-تبدأ-الرهان-مرة-أخرى.png]
[www.top5arabcasinos.com/wp-content/uploads/2020/01/نسبة-ربح-الكازينو-من-لعبة-الروليت.png]
[www.top5arabcasinos.com/wp-content/uploads/2020/01/ماذا-تعني-نسبة-House-Edge-إذا-تم-ترجمتها-إلى-مالٍ؟.png]
[www.top5arabcasinos.com/wp-content/uploads/2020/01/الرهان-الذكي-هو-الرهان-الأفضل-للاعبين.png]
[www.top5arabcasinos.com/كيف-تلعب-الروليت/index.html]
[www.top5arabcasinos.com/wp-content/uploads/2019/12/تاريخ-العاب-القمار-على-الإنترنت-ومستقبلها.jpg]
[www.top5arabcasinos.com/wp-content/uploads/2019/12/مُستقبل-كازينوهات-الإنترنت.png]
[www.top5arabcasinos.com/تاريخ-العاب-القمار/index.html]
[www.top5arabcasinos.com/wp-content/uploads/2019/12/كازينو-موسكو.jpg]
[www.top5arabcasinos.com/تاريخ-العاب-القمار/amp/index.html]
[www.top5arabcasinos.com/wp-content/uploads/2019/12/كازينو-موسكو-وجهة-سياحية-جذّابة-للاعبين-من-الخليج-العربي.jpg]
[www.top5arabcasinos.com/تاريخ-العاب-القمار/feed/index.html]
[www.top5arabcasinos.com/كازينو-موسكو/feed/index.html]
[www.top5arabcasinos.com/كازينو-موسكو/index.html]
[www.top5arabcasinos.com/wp-content/uploads/2019/12/كازينو-جورجيا.jpg]
[www.top5arabcasinos.com/كازينو-موسكو/amp/index.html]
[www.top5arabcasinos.com/wp-content/uploads/2019/12/كازينو-جورجيا-أفضل-كازينو-للاعبين-العرب.jpg]
[www.top5arabcasinos.com/wp-content/uploads/2019/12/Casino-Georgia.jpg]
[www.top5arabcasinos.com/كازينو-جورجيا/index.html]
[www.top5arabcasinos.com/كازينو-جورجيا/amp/index.html]
[www.top5arabcasinos.com/wp-content/uploads/2019/12/كازينو-ايفون-iPhone-Casino.jpg]
[www.top5arabcasinos.com/wp-content/uploads/2019/12/iPhone-Casino-in-Arabic.jpg]
[www.top5arabcasinos.com/كازينو-ايفون/feed/index.html]
[www.top5arabcasinos.com/كازينو-ايفون/index.html]
[www.top5arabcasinos.com/wp-content/uploads/2019/11/كيفية-اختيار-أفضل-كازينو-للاعبين-العرب؟.png]
[www.top5arabcasinos.com/كازينو-ايفون/amp/index.html]
[www.top5arabcasinos.com/wp-content/uploads/2019/11/كيفية-اختيار-أفضل-كازينو-للاعبين-العرب؟.jpg]
[www.top5arabcasinos.com/كازينوهات-العرب-اون-لاين/feed/index.html]
[www.top5arabcasinos.com/كازينوهات-العرب-اون-لاين/index.html]
[www.top5arabcasinos.com/wp-content/uploads/2019/10/وسائل-الإيداع-للاعبين-العرب.jpg]
[www.top5arabcasinos.com/الإيداع-في-كازينوهات-الإنترنت/index.html]
[www.top5arabcasinos.com/كازينوهات-العرب-اون-لاين/amp/index.html]
[www.top5arabcasinos.com/wp-content/uploads/2019/10/كيف-نقوم-بتصنيف-مواقع-الكازينو؟.jpg]
[www.top5arabcasinos.com/الإيداع-في-كازينوهات-الإنترنت/amp/index.html]
[www.top5arabcasinos.com/كيف-نقوم-بتصنيف-مواقع-الكازينو؟/index.html]
[www.top5arabcasinos.com/كيف-نقوم-بتصنيف-مواقع-الكازينو؟/amp/index.html]
[www.top5arabcasinos.com/wp-content/uploads/2019/10/كيف-يتم-تشغيل-لايف-كازينو.jpg]
[www.top5arabcasinos.com/كيف-يتم-تشغيل-لايف-كازينو؟/amp/index.html]
[www.top5arabcasinos.com/كيف-يتم-تشغيل-لايف-كازينو؟/index.html]
[www.top5arabcasinos.com/indexc31c.html]
[www.top5arabcasinos.com/معلومات-عَنا/index162c.html]
[www.top5arabcasinos.com/indexda0f.html]
[pixel.wp.com/g8b4f.gif]
[pixel.wp.com/g4a46.gif]
[www.top5arabcasinos.com/الوسائل-المالية/amp/index.html]
[www.top5arabcasinos.com/category/مقالات-الكازينو/index.html]
[www.top5arabcasinos.com/index3492.html]
[pixel.wp.com/g5bf7.gif]
[www.top5arabcasinos.com/category/مقالات-الكازينو/feed/index.html]
[www.top5arabcasinos.com/كازينو-لبنان/amp/index.html]
[www.top5arabcasinos.com/index1a9a.html]
[pixel.wp.com/g842c.gif]
[www.top5arabcasinos.com/لعبة-gta-استغل-ثغرة-الكازينو-واحصل-على-أم/amp/index.html]
[www.top5arabcasinos.com/category/أخبار/index.html]
[www.top5arabcasinos.com/index1f46.html]
[www.top5arabcasinos.com/category/مقالات-الكازينو/page/2/index.html]
[cdn.ampproject.org/v0/amp-iframe-0.1.js]
[www.top5arabcasinos.com/category/أخبار/feed/index.html]
[www.top5arabcasinos.com/wp-content/plugins/amp/assets/images/placeholder-icon.png]
[pixel.wp.com/g09fe.gif]
[www.top5arabcasinos.com/متصفح-tor/amp/index.html]
[www.top5arabcasinos.com/category/دليل/index.html]
[www.top5arabcasinos.com/index7bbb.html]
[pixel.wp.com/ga849.gif]
[www.top5arabcasinos.com/category/دليل/feed/index.html]
[www.top5arabcasinos.com/لاعبو-البوكر-شرق-أوسط/amp/index.html]
[www.top5arabcasinos.com/indexbe7c.html]
[www.top5arabcasinos.com/10bet/amp/index.html]
[www.top5arabcasinos.com/muchbetter-casinos/index.html]
[www.top5arabcasinos.com/index1ce4.html]
[www.top5arabcasinos.com/bet365/amp/index.html]
[www.top5arabcasinos.com/index071d.html]
[www.top5arabcasinos.com/bwin/amp/index.html]
[www.top5arabcasinos.com/indexcb2d.html]
[www.top5arabcasinos.com/888-casino/amp/index.html]
[www.top5arabcasinos.com/index721c.html]
[www.top5arabcasinos.com/betfinal/amp/index.html]
[www.top5arabcasinos.com/indexc777.html]
[www.top5arabcasinos.com/1xbet/amp/index.html]
[www.top5arabcasinos.com/index6b98.html]
[www.top5arabcasinos.com/spin-casino/amp/index.html]
[www.top5arabcasinos.com/indexb213.html]
[pixel.wp.com/g9f36.gif]
[www.top5arabcasinos.com/استثمار-البيتكوين-والعملات-الرقمية/amp/index.html]
[www.top5arabcasinos.com/888 Casino - Exclusive VIP $1,000 Bonus For Casino Players From GCC_files/css.html]
[www.top5arabcasinos.com/index456c.html]
[www.top5arabcasinos.com/casinos/888casino/index.html]
[www.top5arabcasinos.com/casinos/888casino/amp/index.html]
[www.top5arabcasinos.com/888 Casino - Exclusive VIP $1,000 Bonus For Casino Players From GCC_files/admin.html]
[www.top5arabcasinos.com/wp-login592f.html]
[www.top5arabcasinos.com/888 Casino - Exclusive VIP $1,000 Bonus For Casino Players From GCC_files/traffic-surge-note-icon-256.png]
[www.top5arabcasinos.com/888 Casino - Exclusive VIP $1,000 Bonus For Casino Players From GCC_files/ad516503a11cd5ca435acc9bb6523536.png]
[www.top5arabcasinos.com/888 Casino - Exclusive VIP $1,000 Bonus For Casino Players From GCC_files/ad516503a11cd5ca435acc9bb6523536(1).png]
[www.top5arabcasinos.com/888 Casino - Exclusive VIP $1,000 Bonus For Casino Players From GCC_files/w.js.download]
[www.top5arabcasinos.com/888 Casino - Exclusive VIP $1,000 Bonus For Casino Players From GCC_files/build.min.js.download]
[www.top5arabcasinos.com/888 Casino - Exclusive VIP $1,000 Bonus For Casino Players From GCC_files/saved_resource.html]
[www.top5arabcasinos.com/888 Casino - Exclusive VIP $1,000 Bonus For Casino Players From GCC_files/rtl.html]
[cdn.ampproject.org/index.html]
[www.top5arabcasinos.com/indexb648.html]
[cdn.ampproject.org/v0/amp-video-0.1.js]
[pixel.wp.com/g5c94.gif]
[www.top5arabcasinos.com/كازينو-vpn/amp/index.html]
[www.top5arabcasinos.com/index8285.html]
[pixel.wp.com/ge17c.gif]
[www.top5arabcasinos.com/لماذا-تُعتبَّر-ألعاب-لايف-كازينو-هي-ال/amp/index.html]
[www.top5arabcasinos.com/index0a64.html]
[pixel.wp.com/g5b99.gif]
[www.top5arabcasinos.com/marina-bay-sands-casino/amp/index.html]
[www.top5arabcasinos.com/indexd20a.html]
[pixel.wp.com/g1bc4.gif]
[www.top5arabcasinos.com/استراتيجية-روليت/amp/index.html]
[www.top5arabcasinos.com/index084d.html]
[pixel.wp.com/ge9c6.gif]
[www.top5arabcasinos.com/mayfair-casinos/amp/index.html]
[www.top5arabcasinos.com/index3e52.html]
[pixel.wp.com/g534f.gif]
[www.top5arabcasinos.com/هل-هناك-كازينو-كروز-للاعبي-الخليج-العر/amp/index.html]
[www.top5arabcasinos.com/index6c4a.html]
[pixel.wp.com/g2b25.gif]
[www.top5arabcasinos.com/كيف-تلعب-بلاك-جاك/amp/index.html]
[www.top5arabcasinos.com/index2b79.html]
[pixel.wp.com/g12f0.gif]
[www.top5arabcasinos.com/كازينو-رويال/amp/index.html]
[www.top5arabcasinos.com/index8b2f.html]
[pixel.wp.com/g4ec6.gif]
[www.top5arabcasinos.com/لماذا-أُفضِّل-اللعب-في-لايف-كازينو؟/amp/index.html]
[www.top5arabcasinos.com/index0566.html]
[pixel.wp.com/gf212.gif]
[www.top5arabcasinos.com/كازينو-دبي/amp/index.html]
[www.top5arabcasinos.com/indexe2ec.html]
[pixel.wp.com/g7d03.gif]
[www.top5arabcasinos.com/كيف-تلعب-الروليت/amp/index.html]
[www.top5arabcasinos.com/index0c42.html]
[pixel.wp.com/g1fed.gif]
[www.top5arabcasinos.com/تاريخ-العاب-القمار/amp/index.html]
[www.top5arabcasinos.com/indexb4d9.html]
[pixel.wp.com/g2ff5.gif]
[www.top5arabcasinos.com/كازينو-موسكو/amp/index.html]
[www.top5arabcasinos.com/index763e.html]
[pixel.wp.com/gf7e0.gif]
[www.top5arabcasinos.com/كازينو-جورجيا/amp/index.html]
[www.top5arabcasinos.com/index89f6.html]
[pixel.wp.com/g79ac.gif]
[www.top5arabcasinos.com/كازينو-ايفون/amp/index.html]
[www.top5arabcasinos.com/indexf993.html]
[pixel.wp.com/g4cd9.gif]
[www.top5arabcasinos.com/كازينوهات-العرب-اون-لاين/amp/index.html]
[www.top5arabcasinos.com/indexc9d1.html]
[pixel.wp.com/g273b.gif]
[www.top5arabcasinos.com/الإيداع-في-كازينوهات-الإنترنت/amp/index.html]
[www.top5arabcasinos.com/index0971.html]
[pixel.wp.com/gdf4a.gif]
[www.top5arabcasinos.com/كيف-نقوم-بتصنيف-مواقع-الكازينو؟/amp/index.html]
[www.top5arabcasinos.com/index0745.html]
[pixel.wp.com/g6c0e.gif]
[www.top5arabcasinos.com/كيف-يتم-تشغيل-لايف-كازينو؟/amp/index.html]
[www.top5arabcasinos.com/category/مقالات-الكازينو/page/2/index.html]
[www.top5arabcasinos.com/index5c2c.html]
[www.top5arabcasinos.com/888 Casino - Exclusive VIP $1,000 Bonus For Casino Players From GCC_files/css(1).html]
[www.top5arabcasinos.com/888 Casino - Exclusive VIP $1,000 Bonus For Casino Players From GCC_files/OPR/index.html]
[www.top5arabcasinos.com/888 Casino - Exclusive VIP $1,000 Bonus For Casino Players From GCC_files/GET.233.delayed]
[www.top5arabcasinos.com/888 Casino - Exclusive VIP $1,000 Bonus For Casino Players From GCC_files/saved_resource.html]
[www.top5arabcasinos.com/category/مقالات-الكازينو/page/1/index.html]
[www.top5arabcasinos.com/pinghub/index.html]
[www.top5arabcasinos.com/indexf4f7.html]
[www.top5arabcasinos.com/indexf4f7.html]
[www.top5arabcasinos.com/888 Casino - Exclusive VIP $1,000 Bonus For Casino Players From GCC_files/OPR/index.html]
[www.top5arabcasinos.com/pinghub/index.html]
[www.top5arabcasinos.com/888 Casino - Exclusive VIP $1,000 Bonus For Casino Players From GCC_files/GET.html]
[www.top5arabcasinos.com/feed/index.html]
[www.top5arabcasinos.com/comments/feed/index.html]
[www.top5arabcasinos.com/wp-content/uploads/2020/07/Tor-browser-300x200.jpg]
[www.top5arabcasinos.com/xmlrpc0db0.php]
[www.top5arabcasinos.com/wp-content/uploads/2020/04/spin-casino-293x90.png]
[www.top5arabcasinos.com/POST.241.delayed]
[connect.facebook.net/en_US/fbevents.js]
[www.top5arabcasinos.com/wp-includes/js/dist/vendor/wp-polyfill.min89b1.js]
[www.top5arabcasinos.com/wp-content/themes/pokatheme/js/scripts.all.min55a0.js]
[www.top5arabcasinos.com/wp-content/uploads/2019/10/كازينو-المباشر.jpg]
[www.top5arabcasinos.com/wp-content/uploads/2020/03/العاب-كازينو-بلاك-جاك.jpg]
[www.top5arabcasinos.com/wp-content/uploads/2019/10/روليت.jpg]
[www.top5arabcasinos.com/wp-content/plugins/contact-widgets/assets/fonts/fontawesome-webfontd41d.eot]
[www.top5arabcasinos.com/wp-content/plugins/contact-widgets/assets/css/font-awesome.min1849.css]
[www.top5arabcasinos.com/wp-content/uploads/2019/10/بلاك-جاك-1.jpg]
[www.top5arabcasinos.com/wp-content/uploads/2019/10/Roulette.jpg]
[www.top5arabcasinos.com/wp-content/uploads/2019/10/بلاك-جاك.jpg]
[www.top5arabcasinos.com/wp-content/uploads/2020/05/باكاراه.png]
[www.top5arabcasinos.com/wp-content/plugins/ultimate-faqs/images/insert_link.png]
[www.top5arabcasinos.com/wp-content/uploads/2020/05/قيَّم-البطاقات-في-لعبة-باكاراه.png]
[www.top5arabcasinos.com/wp-content/uploads/2020/05/طريقة-لعب-باكاراه-في-الكازينو.png]
[www.top5arabcasinos.com/wp-content/uploads/2020/05/Baccarat.png]
[www.top5arabcasinos.com/wp-content/uploads/2020/05/الهدف-من-لعبة-باكاراه.jpg]
[www.top5arabcasinos.com/wp-content/plugins/ultimate-faqs/images/Thumbs-up-icon.png]
[www.top5arabcasinos.com/wp-content/uploads/2020/07/Baloot-ترتيب-الورق.jpg]
[www.top5arabcasinos.com/wp-content/plugins/ultimate-faqs/images/Thumbs-down-icon.png]
[www.top5arabcasinos.com/wp-content/uploads/2020/07/Baloot-championship-.jpg]
[www.top5arabcasinos.com/wp-content/uploads/2020/05/مُلخص-ميزة-الكازينو-من-لعبة-باكاراه.png]
[www.top5arabcasinos.com/wp-content/uploads/2020/05/Player-vs-Banker.png]
[www.top5arabcasinos.com/wp-content/uploads/2020/09/Baloot-rules.png]
[www.top5arabcasinos.com/wp-content/plugins/ultimate-faqs/css/fonts/ewd-toggle-icon.eot]
[www.top5arabcasinos.com/wp-content/uploads/2020/08/Tarneeb.png]
[www.top5arabcasinos.com/wp-content/uploads/2020/08/ما-هي-لعبة-الطرنيب1.png]
[www.top5arabcasinos.com/wp-content/uploads/2020/08/ما-هي-لعبة-الطرنيب.png]
[www.top5arabcasinos.com/wp-content/plugins/ultimate-faqs/css/fonts/ewd-toggle-icon.woff2]
[www.top5arabcasinos.com/wp-content/uploads/2020/08/Tarneeb1.png]
[www.top5arabcasinos.com/wp-content/uploads/2020/08/طرنيب-winner.png]
[www.top5arabcasinos.com/wp-content/plugins/ultimate-faqs/css/fonts/ewd-toggle-icon.woff]
[www.top5arabcasinos.com/wp-content/uploads/2020/08/13.png]
[www.top5arabcasinos.com/wp-content/uploads/2020/08/طرنيب-game.png]
[www.top5arabcasinos.com/wp-content/uploads/2020/08/ثانيًا-الطلب.png]
[www.top5arabcasinos.com/wp-content/uploads/2020/08/ثالثًا-طريقة-اللعب.png]
[www.top5arabcasinos.com/wp-content/plugins/ultimate-faqs/css/fonts/ewd-toggle-icon.ttf]
[www.top5arabcasinos.com/wp-content/uploads/2020/08/ثالثًا-طريقة-اللعب-2.png]
[www.top5arabcasinos.com/wp-content/plugins/ultimate-faqs/css/ewd-ufaq-styles7661.css]
[www.top5arabcasinos.com/wp-content/uploads/2020/08/ثالثًا-طريقة-اللعب-1.png]
[www.top5arabcasinos.com/wp-content/uploads/2020/08/رابعًا-حساب-النقاط.png]
[www.top5arabcasinos.com/wp-content/uploads/2020/08/رابعًا-حساب-النقاط-1.png]
[www.top5arabcasinos.com/wp-content/uploads/2020/08/رابعًا-حساب-النقاط-13.png]
[www.top5arabcasinos.com/wp-content/plugins/ultimate-faqs/css/rrssb-min7661.css]
[www.top5arabcasinos.com/wp-content/uploads/2020/08/رابعًا-حساب-النقاط-16.png]
[www.top5arabcasinos.com/wp-content/uploads/2020/08/رابعًا-حساب-النقاط-26.png]
[www.top5arabcasinos.com/wp-content/uploads/2020/08/رابعًا-حساب-النقاط-m16.png]
[www.top5arabcasinos.com/wp-content/uploads/2020/08/رابعًا-حساب-النقاط-31.png]
[www.top5arabcasinos.com/wp-content/themes/pokatheme/css/owl.video.play.png]
[www.top5arabcasinos.com/wp-content/themes/pokatheme/css/styles-vendor55a0.css]
[www.top5arabcasinos.com/wp-content/uploads/2020/02/مكافآت-الكازينو.jpg]
[www.top5arabcasinos.com/wp-content/uploads/2020/08/طاولة-زهر.jpg]
[www.top5arabcasinos.com/wp-content/uploads/2020/07/كازينو-الجوال.jpg]
[www.top5arabcasinos.com/wp-content/uploads/2020/01/Payeer-eWallet.gif]
[www.top5arabcasinos.com/wp-content/themes/pokatheme/images/bg-header.jpg]
[www.top5arabcasinos.com/wp-content/uploads/2020/03/EcoPayz-كازينو-العرب.jpg]
[www.top5arabcasinos.com/wp-content/uploads/2019/11/كيفية-اختيار-أفضل-كازينو-للاعبين-العرب؟-360x200.png]
[www.top5arabcasinos.com/كازينو-لبنان/feed/index.html]
[www.top5arabcasinos.com/معلومات-عَنا/feed/index.html]
[www.top5arabcasinos.com/wp-content/themes/pokatheme/images/bg-header-2.jpg]
[www.top5arabcasinos.com/wp-content/uploads/2020/09/Casino-Lebanon.jpg]
[www.top5arabcasinos.com/wp-content/themes/pokatheme/images/bg-header-3.jpg]
[www.top5arabcasinos.com/wp-content/uploads/2020/06/bet365-casino-bonus.jpg]
[www.top5arabcasinos.com/wp-content/uploads/2020/06/بيت-365.jpg]
[www.top5arabcasinos.com/wp-content/uploads/2020/06/bet365-Sport-betting.jpg]
[www.top5arabcasinos.com/wp-content/uploads/2019/10/bwin.jpg]
[www.top5arabcasinos.com/wp-content/uploads/2019/10/bwin-130x90.jpg]
[www.top5arabcasinos.com/wp-content/themes/pokatheme/images/bg-fullscreen.jpg]
[www.top5arabcasinos.com/wp-content/uploads/2019/10/bwin-casino.jpg]
[www.top5arabcasinos.com/wp-content/uploads/2019/10/bwin-الرهان-كرة-القدم.jpg]
[www.top5arabcasinos.com/wp-content/uploads/2019/10/bwin-الكازينو-المباشر.png]
[www.top5arabcasinos.com/wp-content/uploads/2020/01/Play-888-Casino.jpg]
[www.top5arabcasinos.com/wp-content/uploads/2020/01/كازينو-888.jpg]
[www.top5arabcasinos.com/wp-content/themes/pokatheme/css/styles55a0.css]
[www.top5arabcasinos.com/wp-content/uploads/2020/01/888-casino-VIP.jpg]
[www.top5arabcasinos.com/wp-content/uploads/2020/01/888-كازينو-المباشر.jpg]
[www.top5arabcasinos.com/wp-content/uploads/2020/01/888casino.jpg]
[www.top5arabcasinos.com/wp-content/uploads/2020/01/888-Live-Casino.jpg]
[www.top5arabcasinos.com/wp-content/themes/pokatheme_child/style55a0.css]
[www.top5arabcasinos.com/wp-content/uploads/2020/06/Betfinal-arabic-casino.jpg]
[www.top5arabcasinos.com/wp-content/uploads/2020/06/Betfinal-كازينو-العرب.jpg]
[www.top5arabcasinos.com/wp-content/uploads/2020/06/Betfinal-المراهنات-الرياضية.jpg]
[www.top5arabcasinos.com/wp-content/uploads/2020/06/Betfinal-الكازينو-المباشر.jpg]
[www.top5arabcasinos.com/wp-content/plugins/jetpack/modules/carousel/images/arrows.png]
[www.top5arabcasinos.com/wp-content/uploads/2020/06/Betfinal-كازينو-على-الانترنت-scaled.jpg]
[www.top5arabcasinos.com/wp-content/plugins/jetpack/modules/carousel/images/arrows-2x.png]
[www.top5arabcasinos.com/888 Casino - Exclusive VIP $1,000 Bonus For Casino Players From GCC_files/scripts.all.min.js.download]
[www.top5arabcasinos.com/wp-content/uploads/2020/04/الحصول-على-البيتكوين-والعملات-الرقمية-من-العاب-الإنترنت.jpg]
[www.top5arabcasinos.com/wp-content/uploads/2020/04/هل-اللعب-في-كازينوهات-الإنترنت-أفضل-وسيلة-للحصول-على-البيتكوين.jpg]
[www.top5arabcasinos.com/wp-content/plugins/jetpack/modules/carousel/images/carousel-spritee4da.png]
[www.top5arabcasinos.com/wp-content/plugins/contact-widgets/assets/fonts/fontawesome-webfont3e6e.ttf]
[www.top5arabcasinos.com/wp-content/plugins/jetpack/modules/carousel/images/carousel-sprite-2xe4da.png]
[www.top5arabcasinos.com/wp-content/plugins/contact-widgets/assets/fonts/fontawesome-webfont.eot]
[www.top5arabcasinos.com/wp-content/plugins/contact-widgets/assets/fonts/fontawesome-webfont3e6e.eot]
[pixel.wp.com/g913d.gif]
[www.top5arabcasinos.com/wp-content/uploads/2019/11/كازينو-VPN.png]
[www.top5arabcasinos.com/wp-content/plugins/jetpack/modules/shortcodes/img/slideshow-controls.png]
[www.top5arabcasinos.com/wp-content/uploads/2019/11/كازينو-VPN-للاعبين-من-الإمارات-وقطر-والسعودية230a.mp4]
[www.top5arabcasinos.com/wp-content/uploads/2019/11/كازينو-vpn.jpg]
[www.top5arabcasinos.com/wp-content/plugins/jetpack/modules/shortcodes/img/slideshow-controls-2x.png]
[www.top5arabcasinos.com/wp-content/uploads/2019/11/كازينو-VPN-للاعبين-من-الإمارات-وقطر-والسعودية.mp4]
[www.top5arabcasinos.com/wp-includes/js/mediaelement/mediaelement-and-player.minc270.js]
[www.top5arabcasinos.com/category/طريقة-الدفع/feed/index.html]
[www.top5arabcasinos.com/wp-content/uploads/2020/05/Marina-Bay-Sands-MBS.jpg]
[www.top5arabcasinos.com/wp-content/plugins/jetpack/modules/shortcodes/images/slide-nav.png]
[www.top5arabcasinos.com/wp-content/uploads/2020/02/كيف-تلعب-بلاك-جاك؟.png]
[www.top5arabcasinos.com/wp-content/uploads/2020/05/Marina-Bay-Sands-Casino.jpg]
[www.top5arabcasinos.com/wp-content/plugins/jetpack/modules/shortcodes/images/expand.png]
[www.top5arabcasinos.com/wp-content/uploads/2020/03/كازينو-كروز.jpg]
[www.top5arabcasinos.com/wp-content/uploads/2020/02/قرار-Hit.png]
[www.top5arabcasinos.com/wp-content/uploads/2020/02/قرار-Stand.png]
[www.top5arabcasinos.com/wp-content/uploads/2020/02/قرار-Split.png]
[www.top5arabcasinos.com/wp-content/plugins/jetpack/modules/shortcodes/images/collapse.png]
[www.top5arabcasinos.com/wp-content/uploads/2020/02/أن-تقول-للموزع-Hit-Me.png]
[secure.gravatar.com/images/grav-share-sprite.png]
[www.top5arabcasinos.com/wp-content/plugins/jetpack/css/jetpack-rtl8b03.css]
[www.top5arabcasinos.com/wp-content/uploads/2020/02/قواعد-لعب-بلاك-جاك-Blackjack-Etiquette.png]
[www.top5arabcasinos.com/wp-content/uploads/2020/02/قرار-Doubling-Down.png]
[www.top5arabcasinos.com/wp-content/uploads/2020/02/قرار-Even-Money.png]
[www.top5arabcasinos.com/wp-content/uploads/2020/02/الروليت-مُقابل-بلاك-جاك.png]
[www.top5arabcasinos.com/wp-content/uploads/2020/02/الجلوس-ووضع-الرهان-في-منتصف-اللعب.png]
[www.top5arabcasinos.com/wp-content/uploads/2020/02/قيمة-تعلم-استراتيجية-اللعب-الصحيحة.png]
[www.top5arabcasinos.com/wp-content/uploads/2020/02/تاريخ-لعبة-بلاك-جاك.png]
[www.top5arabcasinos.com/كازينو-رويال/feed/index.html]
[www.top5arabcasinos.com/wp-content/uploads/2020/02/Casino-Royal.jpg]
[www.top5arabcasinos.com/wp-content/uploads/2020/01/كيف-تلعب-الروليت.jpg]
[www.top5arabcasinos.com/wp-content/uploads/2020/01/هل-تختار-هذا-الخيار-أم-ذاك.png]
[www.top5arabcasinos.com/تاريخ-العاب-القمار/feed/index.html]
[www.top5arabcasinos.com/wp-content/uploads/2020/01/متى-يجب-أن-تتوقف-عن-وضع-رهاناتك.png]
[www.top5arabcasinos.com/متصفح-tor/index.html]
[www.top5arabcasinos.com/wp-content/uploads/2020/01/ماذا-سيحدث-إذا-فزت؟.png]
[www.top5arabcasinos.com/كازينو-موسكو/feed/index.html]
[www.top5arabcasinos.com/كازينو-ايفون/feed/index.html]
[www.top5arabcasinos.com/wp-content/uploads/2019/12/كازينو-جورجيا-أفضل-كازينو-للاعبين-العرب.jpg]
[www.top5arabcasinos.com/wp-content/uploads/2019/12/مُستقبل-كازينوهات-الإنترنت.png]
[www.top5arabcasinos.com/كازينوهات-العرب-اون-لاين/feed/index.html]
[www.top5arabcasinos.com/wp-content/uploads/2019/12/iPhone-Casino-in-Arabic.jpg]
[www.top5arabcasinos.com/wp-content/uploads/2019/11/كيفية-اختيار-أفضل-كازينو-للاعبين-العرب؟.png]
[www.top5arabcasinos.com/wp-content/uploads/2019/11/كيفية-اختيار-أفضل-كازينو-للاعبين-العرب؟.jpg]
[www.top5arabcasinos.com/category/مقالات-الكازينو/feed/index.html]
[www.top5arabcasinos.com/wp-content/uploads/2019/10/كيف-نقوم-بتصنيف-مواقع-الكازينو؟.jpg]
[www.top5arabcasinos.com/category/أخبار/feed/index.html]
[pixel.wp.com/g8b4f.gif]
[www.top5arabcasinos.com/category/دليل/feed/index.html]
[www.top5arabcasinos.com/wp-content/plugins/contact-widgets/assets/fonts/fontawesome-webfontd41d.eot]
[www.top5arabcasinos.com/888 Casino - Exclusive VIP $1,000 Bonus For Casino Players From GCC_files/build.min.js.download]
[www.top5arabcasinos.com/spin-casino/index.html]
[www.top5arabcasinos.com/index4efb.html]
[www.top5arabcasinos.com/wp-content/plugins/luckywp-table-of-contents/front/assets/main.min6b25.css]
[www.top5arabcasinos.com/wp-content/themes/pokatheme/images/bg-header-2.jpg]
[www.top5arabcasinos.com/wp-content/themes/pokatheme/images/bg-fullscreen.jpg]
[www.top5arabcasinos.com/الروليت/index.html]
[www.top5arabcasinos.com/index174b.html]
[www.top5arabcasinos.com/indexc52d.html]
[www.top5arabcasinos.com/indexecc4.html]
[www.top5arabcasinos.com/index93a9.html]
[www.top5arabcasinos.com/الإيداع-في-كازينوهات-الإنترنت/index.html]
[www.top5arabcasinos.com/indexc31c.html]
[www.top5arabcasinos.com/index3492.html]
[www.googletagmanager.com/gtm5445.html]
[www.top5arabcasinos.com/indexb213.html]
[www.top5arabcasinos.com/888 Casino - Exclusive VIP $1,000 Bonus For Casino Players From GCC_files/analytics.js.download]
[www.top5arabcasinos.com/888 Casino - Exclusive VIP $1,000 Bonus For Casino Players From GCC_files/analytics.js.download]
[www.top5arabcasinos.com/fonts/dashicons2ce6.eot]
[www.top5arabcasinos.com/fonts/dashicons2ce6.ttf]
[www.top5arabcasinos.com/888 Casino - Exclusive VIP $1,000 Bonus For Casino Players From GCC_files/dashicons.min.css]
[www.top5arabcasinos.com/888 Casino - Exclusive VIP $1,000 Bonus For Casino Players From GCC_files/admin-bar-rtl.min.css]
[www.top5arabcasinos.com/fonts/fontawesome-webfont3e6e.eot]
[www.top5arabcasinos.com/fonts/fontawesome-webfontd41d.eot]
[www.top5arabcasinos.com/fonts/fontawesome-webfont3e6e.woff2]
[www.top5arabcasinos.com/fonts/fontawesome-webfont3e6e.woff]
[www.top5arabcasinos.com/fonts/fontawesome-webfont3e6e.ttf]
[www.top5arabcasinos.com/fonts/fontawesome-webfont3e6e.svg]
[www.top5arabcasinos.com/888 Casino - Exclusive VIP $1,000 Bonus For Casino Players From GCC_files/font-awesome.min.css]
[www.top5arabcasinos.com/images/insert_link.png]
[www.top5arabcasinos.com/images/Thumbs-up-icon.png]
[www.top5arabcasinos.com/images/Thumbs-down-icon.png]
[www.top5arabcasinos.com/888 Casino - Exclusive VIP $1,000 Bonus For Casino Players From GCC_files/fonts/ewd-toggle-icon.eot]
[www.top5arabcasinos.com/888 Casino - Exclusive VIP $1,000 Bonus For Casino Players From GCC_files/fonts/ewd-toggle-icon.woff2]
[www.top5arabcasinos.com/888 Casino - Exclusive VIP $1,000 Bonus For Casino Players From GCC_files/fonts/ewd-toggle-icon.woff]
[www.top5arabcasinos.com/888 Casino - Exclusive VIP $1,000 Bonus For Casino Players From GCC_files/fonts/ewd-toggle-icon.ttf]
[www.top5arabcasinos.com/888 Casino - Exclusive VIP $1,000 Bonus For Casino Players From GCC_files/fonts/ewd-toggle-icon.svg]
[www.top5arabcasinos.com/888 Casino - Exclusive VIP $1,000 Bonus For Casino Players From GCC_files/ewd-ufaq-styles.css]
[www.top5arabcasinos.com/888 Casino - Exclusive VIP $1,000 Bonus For Casino Players From GCC_files/rrssb-min.css]
[www.top5arabcasinos.com/888 Casino - Exclusive VIP $1,000 Bonus For Casino Players From GCC_files/fonts/ez-toc-icomoon7d8c.eot]
[www.top5arabcasinos.com/888 Casino - Exclusive VIP $1,000 Bonus For Casino Players From GCC_files/fonts/ez-toc-icomoond41d.eot]
[www.top5arabcasinos.com/888 Casino - Exclusive VIP $1,000 Bonus For Casino Players From GCC_files/fonts/ez-toc-icomoon7d8c.ttf]
[www.top5arabcasinos.com/888 Casino - Exclusive VIP $1,000 Bonus For Casino Players From GCC_files/fonts/ez-toc-icomoon7d8c.woff]
[www.top5arabcasinos.com/888 Casino - Exclusive VIP $1,000 Bonus For Casino Players From GCC_files/fonts/ez-toc-icomoon7d8c.svg]
[www.top5arabcasinos.com/888 Casino - Exclusive VIP $1,000 Bonus For Casino Players From GCC_files/style.min.css]
[www.top5arabcasinos.com/888 Casino - Exclusive VIP $1,000 Bonus For Casino Players From GCC_files/screen.min.css]
[www.top5arabcasinos.com/888 Casino - Exclusive VIP $1,000 Bonus For Casino Players From GCC_files/owl.video.play.png]
[www.top5arabcasinos.com/888 Casino - Exclusive VIP $1,000 Bonus For Casino Players From GCC_files/styles-vendor.css]
[www.top5arabcasinos.com/images/bg-header.jpg]
[www.top5arabcasinos.com/images/bg-header-2.jpg]
[www.top5arabcasinos.com/images/bg-header-3.jpg]
[www.top5arabcasinos.com/images/bg-fullscreen.jpg]
[www.top5arabcasinos.com/images/icons/angle-down.svg]
[www.top5arabcasinos.com/images/icons/angle-right.svg]
[www.top5arabcasinos.com/888 Casino - Exclusive VIP $1,000 Bonus For Casino Players From GCC_files/styles.css]
[www.top5arabcasinos.com/888 Casino - Exclusive VIP $1,000 Bonus For Casino Players From GCC_files/style.css]
[www.top5arabcasinos.com/888 Casino - Exclusive VIP $1,000 Bonus For Casino Players From GCC_files/adminbar-1320-rtl.css]
[www.top5arabcasinos.com/modules/carousel/images/arrows.png]
[www.top5arabcasinos.com/modules/carousel/images/arrows-2x.png]
[www.top5arabcasinos.com/modules/carousel/images/carousel-spritee4da.png]
[www.top5arabcasinos.com/modules/carousel/images/carousel-sprite-2xe4da.png]
[www.top5arabcasinos.com/modules/shortcodes/img/slideshow-controls.png]
[www.top5arabcasinos.com/modules/shortcodes/img/slideshow-controls-2x.png]
[www.top5arabcasinos.com/modules/shortcodes/images/slide-nav.png]
[www.top5arabcasinos.com/modules/shortcodes/images/expand.png]
[www.top5arabcasinos.com/modules/shortcodes/images/collapse.png]
[www.top5arabcasinos.com/888 Casino - Exclusive VIP $1,000 Bonus For Casino Players From GCC_files/jetpack-rtl.css]
[www.top5arabcasinos.com/images/ie-upgrade-note.gif]
[www.top5arabcasinos.com/888 Casino - Exclusive VIP $1,000 Bonus For Casino Players From GCC_files/admin-bar-v2-rtl.css]
[www.top5arabcasinos.com/888 Casino - Exclusive VIP $1,000 Bonus For Casino Players From GCC_files/Noticonsd41d.eot]
[www.top5arabcasinos.com/888 Casino - Exclusive VIP $1,000 Bonus For Casino Players From GCC_files/Noticons.ttf]
[www.top5arabcasinos.com/888 Casino - Exclusive VIP $1,000 Bonus For Casino Players From GCC_files/Noticons.svg]
[www.top5arabcasinos.com/888 Casino - Exclusive VIP $1,000 Bonus For Casino Players From GCC_files/noticons.css]
[www.top5arabcasinos.com/888 Casino - Exclusive VIP $1,000 Bonus For Casino Players From GCC_files/wp-embed.min.js.download]
[www.top5arabcasinos.com/888 Casino - Exclusive VIP $1,000 Bonus For Casino Players From GCC_files/wp-embed.min.js.download]
[maxcdn.bootstrapcdn.com/font-awesome/4.7.0/css/font-awesome.min.css]
[maxcdn.bootstrapcdn.com/font-awesome/4.7.0/fonts/fontawesome-webfont3e6e.svg]
[www.top5arabcasinos.com/wp-content/plugins/contact-widgets/assets/fonts/fontawesome-webfont3e6e.woff2]
[www.top5arabcasinos.com/wp-content/plugins/contact-widgets/assets/fonts/fontawesome-webfont3e6e.woff2]
[www.top5arabcasinos.com/wp-content/plugins/contact-widgets/assets/fonts/fontawesome-webfont3e6e.svg]
[www.top5arabcasinos.com/wp-includes/js/mediaelement/mediaelementplayer-legacy.minc270.css]
[www.top5arabcasinos.com/wp-includes/js/mediaelement/wp-mediaelement.min7661.css]
[www.top5arabcasinos.com/index0a64.html]
[www.top5arabcasinos.com/index3e52.html]
[www.top5arabcasinos.com/index6c4a.html]
[www.top5arabcasinos.com/index2b79.html]
[www.top5arabcasinos.com/index8b2f.html]
[www.top5arabcasinos.com/indexe2ec.html]
[www.top5arabcasinos.com/index0c42.html]
[www.top5arabcasinos.com/indexb4d9.html]
[www.top5arabcasinos.com/index89f6.html]
[www.top5arabcasinos.com/indexf993.html]
[www.top5arabcasinos.com/index0971.html]
[www.top5arabcasinos.com/category/مقالات-الكازينو/page/2/index.html]
[www.top5arabcasinos.com/888 Casino - Exclusive VIP $1,000 Bonus For Casino Players From GCC_files/build.min.rtl.css]
[www.top5arabcasinos.com/888 Casino - Exclusive VIP $1,000 Bonus For Casino Players From GCC_files/saved_resource.html]
[www.top5arabcasinos.com/POST.html]
[www.top5arabcasinos.com/wp-content/plugins/ultimate-faqs/css/fonts/ewd-toggle-icon.svg]
[www.top5arabcasinos.com/wp-content/themes/pokatheme/css/owl.video.play.html]
[www.top5arabcasinos.com/wp-content/themes/pokatheme/images/icons/angle-down.svg]
[www.top5arabcasinos.com/wp-content/themes/pokatheme/images/icons/angle-right.svg]
[www.top5arabcasinos.com/fonts/dashicons2ce6.html]
[www.top5arabcasinos.com/fonts/dashicons2ce6-2.html]
[www.top5arabcasinos.com/fonts/fontawesome-webfont3e6e.html]
[www.top5arabcasinos.com/fonts/fontawesome-webfontd41d.html]
[www.top5arabcasinos.com/fonts/fontawesome-webfont3e6e-2.html]
[www.top5arabcasinos.com/fonts/fontawesome-webfont3e6e-3.html]
[www.top5arabcasinos.com/fonts/fontawesome-webfont3e6e-4.html]
[www.top5arabcasinos.com/fonts/fontawesome-webfont3e6e-5.html]
[www.top5arabcasinos.com/images/insert_link.html]
[www.top5arabcasinos.com/images/Thumbs-up-icon.html]
[www.top5arabcasinos.com/images/Thumbs-down-icon.html]
[www.top5arabcasinos.com/888 Casino - Exclusive VIP $1,000 Bonus For Casino Players From GCC_files/fonts/ewd-toggle-icon.html]
[www.top5arabcasinos.com/888 Casino - Exclusive VIP $1,000 Bonus For Casino Players From GCC_files/fonts/ewd-toggle-icon-2.html]
[www.top5arabcasinos.com/888 Casino - Exclusive VIP $1,000 Bonus For Casino Players From GCC_files/fonts/ewd-toggle-icon-3.html]
[www.top5arabcasinos.com/888 Casino - Exclusive VIP $1,000 Bonus For Casino Players From GCC_files/fonts/ewd-toggle-icon-4.html]
[www.top5arabcasinos.com/888 Casino - Exclusive VIP $1,000 Bonus For Casino Players From GCC_files/fonts/ewd-toggle-icon-5.html]
[www.top5arabcasinos.com/888 Casino - Exclusive VIP $1,000 Bonus For Casino Players From GCC_files/fonts/ez-toc-icomoon7d8c.html]
[www.top5arabcasinos.com/888 Casino - Exclusive VIP $1,000 Bonus For Casino Players From GCC_files/fonts/ez-toc-icomoond41d.html]
[www.top5arabcasinos.com/888 Casino - Exclusive VIP $1,000 Bonus For Casino Players From GCC_files/fonts/ez-toc-icomoon7d8c-2.html]
[www.top5arabcasinos.com/888 Casino - Exclusive VIP $1,000 Bonus For Casino Players From GCC_files/fonts/ez-toc-icomoon7d8c-3.html]
[www.top5arabcasinos.com/888 Casino - Exclusive VIP $1,000 Bonus For Casino Players From GCC_files/fonts/ez-toc-icomoon7d8c-4.html]
[www.top5arabcasinos.com/888 Casino - Exclusive VIP $1,000 Bonus For Casino Players From GCC_files/owl.video.play.html]
[www.top5arabcasinos.com/images/bg-header.html]
[www.top5arabcasinos.com/images/bg-header-2.html]
[www.top5arabcasinos.com/images/bg-header-3.html]
[www.top5arabcasinos.com/images/bg-fullscreen.html]
[www.top5arabcasinos.com/images/icons/angle-down.html]
[www.top5arabcasinos.com/images/icons/angle-right.html]
[www.top5arabcasinos.com/modules/carousel/images/arrows.html]
[www.top5arabcasinos.com/modules/carousel/images/arrows-2x.html]
[www.top5arabcasinos.com/modules/carousel/images/carousel-spritee4da.html]
[www.top5arabcasinos.com/modules/carousel/images/carousel-sprite-2xe4da.html]
[www.top5arabcasinos.com/modules/shortcodes/img/slideshow-controls.html]
[www.top5arabcasinos.com/modules/shortcodes/img/slideshow-controls-2x.html]
[www.top5arabcasinos.com/modules/shortcodes/images/slide-nav.html]
[www.top5arabcasinos.com/modules/shortcodes/images/expand.html]
[www.top5arabcasinos.com/modules/shortcodes/images/collapse.html]
[www.top5arabcasinos.com/images/ie-upgrade-note.html]
[www.top5arabcasinos.com/888 Casino - Exclusive VIP $1,000 Bonus For Casino Players From GCC_files/Noticonsd41d.html]
[www.top5arabcasinos.com/888 Casino - Exclusive VIP $1,000 Bonus For Casino Players From GCC_files/Noticons.html]
[www.top5arabcasinos.com/888 Casino - Exclusive VIP $1,000 Bonus For Casino Players From GCC_files/Noticons-2.html]
[maxcdn.bootstrapcdn.com/font-awesome/4.7.0/fonts/fontawesome-webfont3e6e.svg]
[www.top5arabcasinos.com/wp-includes/js/mediaelement/mejs-controls.svg]
